// Jest Snapshot v1, https://goo.gl/fbAQLP

exports[`renders all the pieces 1`] = `
<div>
  <h2>
    Challenges
  </h2>
  <ul>
    <li>
      Each obstacle or goal that requires a different skill gets an overcome roll.
    </li>
    <li>
      Interpret failure, costs, and success of each roll together to determine final outcome.
    </li>
  </ul>
</div>
`;
