// Jest Snapshot v1, https://goo.gl/fbAQLP

exports[`renders all the pieces 1`] = `
<div>
  <h2>
    Consequences
  </h2>
  <dl>
    <dt>
      Mild
    </dt>
    <dd>
      -2 to attack value
    </dd>
    <dt>
      Moderate
    </dt>
    <dd>
      -4 to attack value
    </dd>
    <dt>
      Severe
    </dt>
    <dd>
      -6 to attack value
    </dd>
    <dt>
      Extreme
    </dt>
    <dd>
      -8 to attack value and permanent character aspect
    </dd>
  </dl>
</div>
`;
