// Jest Snapshot v1, https://goo.gl/fbAQLP

exports[`renders all the pieces 1`] = `
<div>
  <h2>
    The Ladder
  </h2>
  <dl>
    <dt>
      +8
    </dt>
    <dd>
      Legendary
    </dd>
    <dt>
      +7
    </dt>
    <dd>
      Epic
    </dd>
    <dt>
      +6
    </dt>
    <dd>
      Fantastic
    </dd>
    <dt>
      +5
    </dt>
    <dd>
      Superb
    </dd>
    <dt>
      +4
    </dt>
    <dd>
      Great
    </dd>
    <dt>
      +3
    </dt>
    <dd>
      Good
    </dd>
    <dt>
      +2
    </dt>
    <dd>
      Fair
    </dd>
    <dt>
      +1
    </dt>
    <dd>
      Average
    </dd>
    <dt>
      +0
    </dt>
    <dd>
      Mediocre
    </dd>
    <dt>
      -1
    </dt>
    <dd>
      Poor
    </dd>
    <dt>
      -2
    </dt>
    <dd>
      Terrible
    </dd>
  </dl>
</div>
`;
