// Jest Snapshot v1, https://goo.gl/fbAQLP

exports[`renders all the pieces 1`] = `
<div>
  <h2>
    Mitigating Damage
  </h2>
  <p>
    Fill in one stress box greater than or equal to the value of an attack, take one or more consequence, or fill in one stress box and take consequences—if you can’t do one of these three things, you’re taken out.
  </p>
</div>
`;
