// Jest Snapshot v1, https://goo.gl/fbAQLP

exports[`renders all the pieces 1`] = `
<div>
  <h2>
    Recovery
  </h2>
  <dl>
    <dt>
      Mild
    </dt>
    <dd>
      Overcome Fair, one whole scene
    </dd>
    <dt>
      Moderate
    </dt>
    <dd>
      Overcome Great, one whole session
    </dd>
    <dt>
      Severe
    </dt>
    <dd>
      overcome Fantastic, one whole scenario
    </dd>
  </dl>
</div>
`;
