// Jest Snapshot v1, https://goo.gl/fbAQLP

exports[`renders all the pieces 1`] = `
<div>
  <h2>
    Extras
  </h2>
  <form>
    <div>
      <div>
        <label>
          <span>
            Name
          </span>
          <input
            defaultValue=""
            onChange={[Function]}
            placeholder="Izanagi"
            type="text"
          />
        </label>
        <label>
          <span>
            Description
          </span>
          <textarea
            onChange={[Function]}
            placeholder="Izanagi is available to help out during conflicts"
            value=""
          />
        </label>
        <button
          disabled={true}
          onClick={[Function]}
        >
          Add new extra
        </button>
      </div>
    </div>
  </form>
</div>
`;
