// Jest Snapshot v1, https://goo.gl/fbAQLP

exports[`renders all the pieces 1`] = `
<div>
  <h2>
    Skills
  </h2>
  <form>
    <label>
      <span>
        Superb
      </span>
      <span>
        (
        <span>
          +
        </span>
        5
        )
      </span>
      <form>
        <input
          defaultValue=""
          onChange={[Function]}
          placeholder="Athletics"
          type="text"
        />
        <button
          disabled={true}
          onClick={[Function]}
        >
          Add Skill
        </button>
      </form>
    </label>
    <label>
      <span>
        Great
      </span>
      <span>
        (
        <span>
          +
        </span>
        4
        )
      </span>
      <form>
        <input
          defaultValue=""
          onChange={[Function]}
          placeholder="Athletics"
          type="text"
        />
        <button
          disabled={true}
          onClick={[Function]}
        >
          Add Skill
        </button>
      </form>
    </label>
    <label>
      <span>
        Good
      </span>
      <span>
        (
        <span>
          +
        </span>
        3
        )
      </span>
      <form>
        <input
          defaultValue=""
          onChange={[Function]}
          placeholder="Athletics"
          type="text"
        />
        <button
          disabled={true}
          onClick={[Function]}
        >
          Add Skill
        </button>
      </form>
    </label>
    <label>
      <span>
        Fair
      </span>
      <span>
        (
        <span>
          +
        </span>
        2
        )
      </span>
      <form>
        <input
          defaultValue=""
          onChange={[Function]}
          placeholder="Athletics"
          type="text"
        />
        <button
          disabled={true}
          onClick={[Function]}
        >
          Add Skill
        </button>
      </form>
    </label>
    <label>
      <span>
        Average
      </span>
      <span>
        (
        <span>
          +
        </span>
        1
        )
      </span>
      <form>
        <input
          defaultValue=""
          onChange={[Function]}
          placeholder="Athletics"
          type="text"
        />
        <button
          disabled={true}
          onClick={[Function]}
        >
          Add Skill
        </button>
      </form>
    </label>
  </form>
</div>
`;
