// Jest Snapshot v1, https://goo.gl/fbAQLP

exports[`renders all the pieces 1`] = `
<div>
  <h2>
    Character Idea
  </h2>
  <div>
    <label>
      <span>
        High Concept
      </span>
      <input
        onChange={[Function]}
        placeholder="Disciple of the Ivory Shroud"
        type="text"
      />
    </label>
    <label>
      <span>
        Trouble
      </span>
      <input
        onChange={[Function]}
        placeholder="The manners of a goat"
        type="text"
      />
    </label>
    <label>
      <span>
        Name
      </span>
      <input
        onChange={[Function]}
        placeholder="Landon"
        type="text"
      />
    </label>
  </div>
</div>
`;
