// Jest Snapshot v1, https://goo.gl/fbAQLP

exports[`renders all the pieces 1`] = `
<div>
  <h2>
    Skills
  </h2>
  <ul>
    <li>
      One at Great (+4)
    </li>
    <li>
      Two at Good (+3)
    </li>
    <li>
      Three at Fair (+2)
    </li>
    <li>
      Four at Average (+1)
    </li>
  </ul>
</div>
`;
