// Jest Snapshot v1, https://goo.gl/fbAQLP

exports[`renders all the pieces 1`] = `
<div>
  <h2>
    Stress & Consequences
  </h2>
  <ul>
    <li>
      Average or Fair Physique gives you a 3-point physical stress box.
    </li>
    <li>
      Good or Great Physique gives you a 3-point and 4-point physical stress box.
    </li>
    <li>
      Superb+ Physique gives you a 3-point and 4-point physical stress box and an additional mild consequence slot.
    </li>
    <li>
      Average or Fair Will gives you a 3-point mental stress box.
    </li>
    <li>
      Good or Great Will gives you a 3-point and 4-point mental stress box.
    </li>
    <li>
      Superb+ Will gives you a 3-point and 4-point mental stress box and an additional mild consequence slot.
    </li>
  </ul>
</div>
`;
