// Jest Snapshot v1, https://goo.gl/fbAQLP

exports[`renders all the pieces 1`] = `
<div>
  <h2>
    Stunts and Refresh
  </h2>
  <ul>
    <li>
      Three stunts = Refresh of 3
    </li>
    <li>
      Four stunts = Refresh of 2
    </li>
    <li>
      Five stunts = Refresh of 1
    </li>
  </ul>
</div>
`;
